[heartwarming-example-892411.framer.app/index.html]
[backblue.gif]
[fade.gif]
[index.html]
[framerusercontent.com/sites/icons/default-favicon-light.v1.png]
[framerusercontent.com/sites/icons/default-favicon-dark.v1.png]
[framerusercontent.com/sites/icons/default-touch-icon.v3.png]
[heartwarming-example-892411.framer.app/contact-us.html]
[framerusercontent.com/images/0bWezq5nZ1sUTLJjkFvtI3XRKP0.png]
[framerusercontent.com/images/Ut9uJpMIUedZ7leWZ9Ow1Zeu6w.jpg]
[framerusercontent.com/images/wZk20CyYiDP8NZZKmTxFGT8sU.png]
[framerusercontent.com/images/zASUV7leUpoeiNyTGXPvLvvMk.png]
[framerusercontent.com/images/zuLuO4vN7X3lvfhOK8Z0u7t73E.png]
[framerusercontent.com/images/uCNAKxZjvoRVdsKKLOkOTqRrg.png]
[framerusercontent.com/images/u6pIGrMoF3WU8WwEbFsOCySM.png]
[framerusercontent.com/images/JrTpEosqKBE3z5jyscEzST5qSg.png]
[framerusercontent.com/images/oYHBX2MLaohyg3LnxCxW63njE.jpg]
[framerusercontent.com/images/waMxm5Il6LnIlryPoyQXMbWYVo.jpg]
[framerusercontent.com/images/cTIz6UH1fXpiSjCKdDFd2JhTVpw.png]
[heartwarming-example-892411.framer.app/index.html]
[framerusercontent.com/images/MB9HFUCG7RTKIDFGbsLXI6cN8Y.png]
[heartwarming-example-892411.framer.app/contact-us.html]
